// Jest Snapshot v1, https://goo.gl/fbAQLP

exports[`Hello should exist 1`] = `
<h1>
  Hello from 
  test
   and 
  test
  !
</h1>
`;
